[11:34:21] [main/INFO] (FabricLoader/GameProvider) Loading Minecraft 26.2 with Fabric Loader 0.19.3
[11:34:21] [main/INFO] (FabricLoader/Mappings) Mappings not present!
[11:34:21] [main/WARN] (FabricLoader/Resolution) Warnings were found!
 - Mod 'Chlorine' (chlorine) 0.1.6 recommends any version of sodium, which is missing!
	 - You should install any version of sodium for the optimal experience.
 - Mod 'Chlorine' (chlorine) 0.1.6 recommends any version of lithium, which is missing!
	 - You should install any version of lithium for the optimal experience.
 - Mod 'Chlorine' (chlorine) 0.1.6 recommends any version of ferritecore, which is missing!
	 - You should install any version of ferritecore for the optimal experience.
 - Mod 'Chlorine' (chlorine) 0.1.6 recommends any version of entityculling, which is missing!
	 - You should install any version of entityculling for the optimal experience.
 - Mod 'Chlorine' (chlorine) 0.1.6 recommends any version of immediatelyfast, which is missing!
	 - You should install any version of immediatelyfast for the optimal experience.
 - Mod 'Chlorine' (chlorine) 0.1.6 recommends any version of iris, which is missing!
	 - You should install any version of iris for the optimal experience.
[11:34:21] [main/INFO] (FabricLoader) Loading 54 mods:
	- chlorine 0.1.6
	- cloth-basic-math 0.6.1
	- cloth-config 26.2.155
	- fabric-api 0.156.0+26.2
	- fabric-api-base 2.0.4+ece063239e
	- fabric-api-lookup-api-v1 2.0.17+11e1c9a39e
	- fabric-biome-api-v1 18.0.6+c7bd5b8e9e
	- fabric-block-api-v1 3.0.3+ec56b6019e
	- fabric-block-getter-api-v2 2.0.7+ec56b6019e
	- fabric-client-gametest-api-v1 6.0.0+515ac5339e
	- fabric-command-api-v2 3.1.0+00cb03469e
	- fabric-content-registries-v0 11.3.0+d0a699d09e
	- fabric-convention-tags-v2 4.7.0+1f023a9e9e
	- fabric-crash-report-info-v1 1.0.5+086d547a9e
	- fabric-creative-tab-api-v1 5.0.14+d871b99e9e
	- fabric-data-attachment-api-v1 2.2.18+515ac5339e
	- fabric-data-generation-api-v1 25.5.0+aed122aa9e
	- fabric-debug-api-v1 1.0.2+c792624d9e
	- fabric-dimensions-v1 5.1.11+515ac5339e
	- fabric-entity-events-v1 5.0.5+06488ac19e
	- fabric-events-interaction-v0 5.2.7+515ac5339e
	- fabric-game-rule-api-v1 4.0.8+46a6d00c9e
	- fabric-gametest-api-v1 4.0.21+4a7fa0819e
	- fabric-item-api-v1 14.4.0+49a69a7b9e
	- fabric-key-mapping-api-v1 2.0.5+e2bdee789e
	- fabric-lifecycle-events-v1 4.1.3+4575b05f9e
	- fabric-loot-api-v3 3.0.17+06488ac19e
	- fabric-menu-api-v1 2.0.16+086d547a9e
	- fabric-message-api-v1 7.0.7+086d547a9e
	- fabric-model-loading-api-v1 8.0.16+c80601bb9e
	- fabric-networking-api-v1 6.3.3+72073ef09e
	- fabric-object-builder-api-v1 24.1.0+6fcd5f039e
	- fabric-particles-v1 5.0.18+d1756aa99e
	- fabric-permission-api-v1 1.0.4+536fad2f9e
	- fabric-recipe-api-v1 9.0.20+11e1c9a39e
	- fabric-registry-sync-v0 7.1.0+c7bd5b8e9e
	- fabric-renderer-api-v1 14.1.3+2b0d8a229e
	- fabric-renderer-indigo 9.1.3+2b0d8a229e
	- fabric-rendering-fluids-v1 6.0.4+06488ac19e
	- fabric-rendering-v1 25.3.2+515ac5339e
	- fabric-resource-conditions-api-v1 6.1.0+10e9a28b9e
	- fabric-resource-loader-v0 3.3.20+4fc5413f9e
	- fabric-resource-loader-v1 2.0.13+9edec1269e
	- fabric-screen-api-v1 5.1.0+48e3c0b09e
	- fabric-serialization-api-v1 2.0.4+11a26f319e
	- fabric-sound-api-v1 2.0.5+11a26f319e
	- fabric-tag-api-v1 2.1.4+515ac5339e
	- fabric-transfer-api-v1 8.0.12+11dbb7d79e
	- fabric-transitive-access-wideners-v1 8.1.4+67c847259e
	- fabricloader 0.19.3
	- java 26
	- minecraft 26.2
	- mixinextras 0.5.4
	- modmenu 20.0.1
[11:34:22] [main/INFO] (FabricLoader/Mixin) SpongePowered MIXIN Subsystem Version=0.8.7 Source=file:/C:/Users/neman/.gradle/caches/modules-2/files-2.1/net.fabricmc/sponge-mixin/0.17.3+mixin.0.8.7/41c4a3984a80f4679e759fb9f495587acc5cdac7/sponge-mixin-0.17.3+mixin.0.8.7.jar Service=Knot/Fabric Env=CLIENT
[11:34:22] [main/INFO] (FabricLoader/Mixin) Compatibility level set to JAVA_25
[11:34:26] [main/INFO] (FabricLoader/MixinExtras|Service) Initializing MixinExtras via com.llamalad7.mixinextras.service.MixinExtrasServiceImpl(version=0.5.4).
[11:34:29] [Datafixer Bootstrap #0/INFO] (Minecraft) 295 Datafixer optimizations took 1155 milliseconds
[11:34:42] [Render thread/INFO] (Minecraft) Environment: Environment[sessionHost=https://sessionserver.mojang.com, servicesHost=https://api.minecraftservices.com, profilesHost=https://api.mojang.com, name=PROD]
[11:34:42] [Render thread/INFO] (Minecraft) Setting user: Player474
[11:34:43] [Render thread/INFO] (Chlorine) Chlorine loaded — laptop performance tuning alongside Sodium & friends
[11:34:43] [Render thread/INFO] (Chlorine) Distant mob AI throttling enabled (radius=48.0 blocks, interval=8 ticks)
[11:34:43] [Download-2/ERROR] (Minecraft) Failed to fetch user properties
com.mojang.authlib.exceptions.InvalidCredentialsException: Status: 401
	at knot//com.mojang.authlib.exceptions.MinecraftClientHttpException.toAuthenticationException(MinecraftClientHttpException.java:70)
	at knot//com.mojang.authlib.yggdrasil.YggdrasilUserApiService.fetchProperties(YggdrasilUserApiService.java:173)
	at knot//net.minecraft.client.Minecraft.lambda$new$1(Minecraft.java:438)
	at java.base/java.util.concurrent.CompletableFuture$AsyncSupply.run(CompletableFuture.java:1789)
	at java.base/java.util.concurrent.ThreadPoolExecutor.runWorker(ThreadPoolExecutor.java:1090)
	at java.base/java.util.concurrent.ThreadPoolExecutor$Worker.run(ThreadPoolExecutor.java:614)
	at java.base/java.lang.Thread.run(Thread.java:1516)
Caused by: MinecraftClientHttpException[type=HTTP_ERROR, status=401, response=ErrorResponse[path=/player/attributes, error=null, errorMessage=null, details=null]]
	at knot//com.mojang.authlib.minecraft.client.MinecraftClient.buildHttpException(MinecraftClient.java:170)
	at knot//com.mojang.authlib.minecraft.client.MinecraftClient.readServiceResponse(MinecraftClient.java:147)
	at knot//com.mojang.authlib.minecraft.client.MinecraftClient.getWithEtag(MinecraftClient.java:81)
	at knot//com.mojang.authlib.minecraft.client.MinecraftClient.get(MinecraftClient.java:65)
	at knot//com.mojang.authlib.yggdrasil.YggdrasilUserApiService.fetchProperties(YggdrasilUserApiService.java:123)
	... 5 more
[11:34:43] [Render thread/INFO] (Mod Menu/Update Checker) Checking mod updates...
[11:34:43] [Render thread/INFO] (Chlorine) Chlorine client-side laptop tuning active
[11:34:43] [Render thread/INFO] (Indigo) [Indigo] Registering Indigo renderer!
[11:34:44] [Download-1/INFO] (Mod Menu/Update Checker) Update available for 'fabric-api@0.156.0+26.2', (-> 0.157.0+26.2)
[11:34:44] [Render thread/INFO] (Minecraft) Backend library: LWJGL version 3.4.1-snapshot
[11:34:44] [Render thread/WARN] (Minecraft) Detected unexpected shutdown during last game startup: resetting fullscreen mode
[11:34:44] [Render thread/WARN] (Minecraft) Detected unexpected shutdown during last game startup: forcing preferred graphics API to OpenGL
[11:34:44] [Render thread/INFO] (Minecraft) Using graphics backend OpenGL, using drivers: 3.3.0 - Build 31.0.101.2135
[11:34:44] [Render thread/INFO] (Minecraft) Using graphics device: Intel(R) UHD Graphics 620 (Intel)
[11:34:44] [Render thread/INFO] (Minecraft) Using graphics device extensions: GL_ARB_multi_draw_indirect, GL_ARB_buffer_storage, GL_ARB_shader_draw_parameters, GL_ARB_base_instance, GL_KHR_debug, GL_ARB_draw_indirect, GL_ARB_clip_control, GL_ARB_vertex_attrib_binding, GL_ARB_direct_state_access, GL_EXT_texture_filter_anisotropic
[11:34:45] [Render thread/ERROR] (FabricLoader/Mixin) Mixin apply for mod chlorine failed chlorine.mixins.json:client.SoundBudgetMixin from mod chlorine -> net.minecraft.client.sounds.SoundManager: org.spongepowered.asm.mixin.transformer.throwables.InvalidMixinException Mixin chlorine.mixins.json:client.SoundBudgetMixin from mod chlorine contains non-private static method chlorine$resetBudget()V [ -> MAIN Applicator Phase -> chlorine.mixins.json:client.SoundBudgetMixin from mod chlorine -> Apply Methods -> ()V:chlorine$resetBudget]
org.spongepowered.asm.mixin.transformer.throwables.InvalidMixinException: Mixin chlorine.mixins.json:client.SoundBudgetMixin from mod chlorine contains non-private static method chlorine$resetBudget()V [ -> MAIN Applicator Phase -> chlorine.mixins.json:client.SoundBudgetMixin from mod chlorine -> Apply Methods -> ()V:chlorine$resetBudget]
	at org.spongepowered.asm.mixin.transformer.MixinApplicatorStandard.checkMethodVisibility(MixinApplicatorStandard.java:861)
	at org.spongepowered.asm.mixin.transformer.MixinApplicatorStandard.applyNormalMethod(MixinApplicatorStandard.java:524)
	at org.spongepowered.asm.mixin.transformer.MixinApplicatorStandard.applyMethods(MixinApplicatorStandard.java:507)
	at org.spongepowered.asm.mixin.transformer.MixinApplicatorStandard.lambda$runApplicatorPass$0(MixinApplicatorStandard.java:295)
	at org.spongepowered.asm.mixin.transformer.MixinApplicatorStandard.processMixins(MixinApplicatorStandard.java:381)
	at org.spongepowered.asm.mixin.transformer.MixinApplicatorStandard.runApplicatorPass(MixinApplicatorStandard.java:283)
	at org.spongepowered.asm.mixin.transformer.MixinApplicatorStandard.apply(MixinApplicatorStandard.java:240)
	at org.spongepowered.asm.mixin.transformer.TargetClassContext.apply(TargetClassContext.java:437)
	at org.spongepowered.asm.mixin.transformer.TargetClassContext.applyMixins(TargetClassContext.java:418)
	at org.spongepowered.asm.mixin.transformer.MixinProcessor.applyMixins(MixinProcessor.java:351)
	at org.spongepowered.asm.mixin.transformer.MixinTransformer.transformClass(MixinTransformer.java:237)
	at org.spongepowered.asm.mixin.transformer.MixinTransformer.transformClassBytes(MixinTransformer.java:202)
	at net.fabricmc.loader.impl.launch.knot.KnotClassDelegate.getPostMixinClassByteArray(KnotClassDelegate.java:435)
	at net.fabricmc.loader.impl.launch.knot.KnotClassDelegate.tryLoadClass(KnotClassDelegate.java:336)
	at net.fabricmc.loader.impl.launch.knot.KnotClassDelegate.loadClass(KnotClassDelegate.java:231)
	at net.fabricmc.loader.impl.launch.knot.KnotClassLoader.loadClass(KnotClassLoader.java:119)
	at java.base/java.lang.ClassLoader.loadClass(ClassLoader.java:502)
	at knot//net.minecraft.client.Minecraft.<init>(Minecraft.java:608)
	at knot//net.minecraft.client.main.Main.main(Main.java:278)
	at net.fabricmc.loader.impl.game.minecraft.MinecraftGameProvider.launch(MinecraftGameProvider.java:514)
	at net.fabricmc.loader.impl.launch.knot.Knot.launch(Knot.java:72)
	at net.fabricmc.loader.impl.launch.knot.KnotClient.main(KnotClient.java:23)
	at net.fabricmc.devlaunchinjector.Main.main(Main.java:86)
